// Jest Snapshot v1, https://goo.gl/fbAQLP

exports[`Header Header matches shapshot 1`] = `ShallowWrapper {}`;
