// Jest Snapshot v1, https://goo.gl/fbAQLP

exports[`Cards Card matches shapshot 1`] = `ShallowWrapper {}`;
